Xshell 7 (Build 0113)
Copyright (c) 2020 NetSarang Computer, Inc. All rights reserved.

Type `help' to learn how to use Xshell prompt.
[C:\~]$ 

Host 'hadoop104' resolved to 10.16.51.128.
Connecting to 10.16.51.128:22...
Connection established.
To escape to local shell, press Ctrl+Alt+].

Last login: Mon Apr 24 14:13:47 2023 from 10.16.51.1
[atguigu@hadoop104 ~]$ cd /opt/module/zookeeper-3.5.7/
[atguigu@hadoop104 zookeeper-3.5.7]$ bin/zkServer.sh start
ZooKeeper JMX enabled by default
Using config: /opt/module/zookeeper-3.5.7/bin/../conf/zoo.cfg
Starting zookeeper ... STARTED
[atguigu@hadoop104 zookeeper-3.5.7]$ cd 
[atguigu@hadoop104 ~]$ yum -y install gcc -c++
CRITICAL:yum.cli:Config error: Error accessing file for config file:///home/atguigu/++
[atguigu@hadoop104 ~]$ yum -y install gcc -c ++
CRITICAL:yum.cli:Config error: Error accessing file for config file:///home/atguigu/++
[atguigu@hadoop104 ~]$ yum install gcc
已加载插件：fastestmirror, langpacks
您需要 root 权限执行此命令。
[atguigu@hadoop104 ~]$ sudo yum install gcc
已加载插件：fastestmirror, langpacks
Loading mirror speeds from cached hostfile
epel/x86_64/metalink                                                                                                                                                                                                            | 5.3 kB  00:00:00     
 * base: mirrors.aliyun.com
 * epel: mirrors.tuna.tsinghua.edu.cn
 * extras: mirrors.aliyun.com
 * updates: mirrors.aliyun.com
base                                                                                                                                                                                                                            | 3.6 kB  00:00:00     
epel                                                                                                                                                                                                                            | 4.7 kB  00:00:00     
extras                                                                                                                                                                                                                          | 2.9 kB  00:00:00     
updates                                                                                                                                                                                                                         | 2.9 kB  00:00:00     
(1/3): epel/x86_64/updateinfo                                                                                                                                                                                                   | 1.0 MB  00:00:01     
(2/3): epel/x86_64/primary_db                                                                                                                                                                                                   | 7.0 MB  00:00:03     
(3/3): updates/7/x86_64/primary_db                                                                                                                                                                                              |  21 MB  00:00:19     
正在解决依赖关系
--> 正在检查事务
---> 软件包 gcc.x86_64.0.4.8.5-44.el7 将被 安装
--> 正在处理依赖关系 cpp = 4.8.5-44.el7，它被软件包 gcc-4.8.5-44.el7.x86_64 需要
--> 正在处理依赖关系 glibc-devel >= 2.2.90-12，它被软件包 gcc-4.8.5-44.el7.x86_64 需要
--> 正在检查事务
---> 软件包 cpp.x86_64.0.4.8.5-44.el7 将被 安装
---> 软件包 glibc-devel.x86_64.0.2.17-326.el7_9 将被 安装
--> 正在处理依赖关系 glibc-headers = 2.17-326.el7_9，它被软件包 glibc-devel-2.17-326.el7_9.x86_64 需要
--> 正在处理依赖关系 glibc = 2.17-326.el7_9，它被软件包 glibc-devel-2.17-326.el7_9.x86_64 需要
--> 正在处理依赖关系 glibc-headers，它被软件包 glibc-devel-2.17-326.el7_9.x86_64 需要
--> 正在检查事务
---> 软件包 glibc.x86_64.0.2.17-317.el7 将被 升级
--> 正在处理依赖关系 glibc = 2.17-317.el7，它被软件包 glibc-common-2.17-317.el7.x86_64 需要
---> 软件包 glibc.x86_64.0.2.17-326.el7_9 将被 更新
---> 软件包 glibc-headers.x86_64.0.2.17-326.el7_9 将被 安装
--> 正在处理依赖关系 kernel-headers >= 2.2.1，它被软件包 glibc-headers-2.17-326.el7_9.x86_64 需要
--> 正在处理依赖关系 kernel-headers，它被软件包 glibc-headers-2.17-326.el7_9.x86_64 需要
--> 正在检查事务
---> 软件包 glibc-common.x86_64.0.2.17-317.el7 将被 升级
---> 软件包 glibc-common.x86_64.0.2.17-326.el7_9 将被 更新
---> 软件包 kernel-headers.x86_64.0.3.10.0-1160.90.1.el7 将被 安装
--> 解决依赖关系完成

依赖关系解决

=======================================================================================================================================================================================================================================================
 Package                                                       架构                                                  版本                                                                 源                                                      大小
=======================================================================================================================================================================================================================================================
正在安装:
 gcc                                                           x86_64                                                4.8.5-44.el7                                                         base                                                    16 M
为依赖而安装:
 cpp                                                           x86_64                                                4.8.5-44.el7                                                         base                                                   5.9 M
 glibc-devel                                                   x86_64                                                2.17-326.el7_9                                                       updates                                                1.1 M
 glibc-headers                                                 x86_64                                                2.17-326.el7_9                                                       updates                                                691 k
 kernel-headers                                                x86_64                                                3.10.0-1160.90.1.el7                                                 updates                                                9.1 M
为依赖而更新:
 glibc                                                         x86_64                                                2.17-326.el7_9                                                       updates                                                3.6 M
 glibc-common                                                  x86_64                                                2.17-326.el7_9                                                       updates                                                 12 M

事务概要
=======================================================================================================================================================================================================================================================
安装  1 软件包 (+4 依赖软件包)
升级           ( 2 依赖软件包)

总计：48 M
总下载量：33 M
Is this ok [y/d/N]: y
Downloading packages:
(1/5): glibc-headers-2.17-326.el7_9.x86_64.rpm                                                                                                                                                                                  | 691 kB  00:00:01     
(2/5): glibc-devel-2.17-326.el7_9.x86_64.rpm                                                                                                                                                                                    | 1.1 MB  00:00:01     
(3/5): kernel-headers-3.10.0-1160.90.1.el7.x86_64.rpm                                                                                                                                                                           | 9.1 MB  00:00:00     
(4/5): cpp-4.8.5-44.el7.x86_64.rpm                                                                                                                                                                                              | 5.9 MB  00:00:06     
(5/5): gcc-4.8.5-44.el7.x86_64.rpm                                                                                                                                                                                              |  16 MB  00:00:10     
-------------------------------------------------------------------------------------------------------------------------------------------------------------------------------------------------------------------------------------------------------
总计                                                                                                                                                                                                                   2.8 MB/s |  33 MB  00:00:11     
Running transaction check
Running transaction test
Transaction test succeeded
Running transaction
警告：RPM 数据库已被非 yum 程序修改。
** 发现 11 个已存在的 RPM 数据库问题， 'yum check' 输出如下：
icedtea-web-1.7.1-2.el7_6.x86_64 有缺少的需求 java-1.8.0-openjdk
icedtea-web-1.7.1-2.el7_6.x86_64 有缺少的需求 jpackage-utils
icedtea-web-1.7.1-2.el7_6.x86_64 有缺少的需求 jpackage-utils
jline-1.0-8.el7.noarch 有缺少的需求 java >= ('0', '1.5', None)
jline-1.0-8.el7.noarch 有缺少的需求 jpackage-utils
2:postfix-2.10.1-9.el7.x86_64 有缺少的需求 libmysqlclient.so.18()(64bit)
2:postfix-2.10.1-9.el7.x86_64 有缺少的需求 libmysqlclient.so.18(libmysqlclient_18)(64bit)
rhino-1.7R5-1.el7.noarch 有缺少的需求 jpackage-utils
rhino-1.7R5-1.el7.noarch 有缺少的需求 jpackage-utils
tagsoup-1.2.1-8.el7.noarch 有缺少的需求 jpackage-utils
tagsoup-1.2.1-8.el7.noarch 有缺少的需求 jpackage-utils >= ('0', '1.6', None)
  正在更新    : glibc-2.17-326.el7_9.x86_64                                                                                                                                                                                                        1/9 
  正在更新    : glibc-common-2.17-326.el7_9.x86_64                                                                                                                                                                                                 2/9 
  正在安装    : cpp-4.8.5-44.el7.x86_64                                                                                                                                                                                                            3/9 
  正在安装    : kernel-headers-3.10.0-1160.90.1.el7.x86_64                                                                                                                                                                                         4/9 
  正在安装    : glibc-headers-2.17-326.el7_9.x86_64                                                                                                                                                                                                5/9 
  正在安装    : glibc-devel-2.17-326.el7_9.x86_64                                                                                                                                                                                                  6/9 
  正在安装    : gcc-4.8.5-44.el7.x86_64                                                                                                                                                                                                            7/9 
  清理        : glibc-2.17-317.el7.x86_64                                                                                                                                                                                                          8/9 
  清理        : glibc-common-2.17-317.el7.x86_64                                                                                                                                                                                                   9/9 
  验证中      : glibc-common-2.17-326.el7_9.x86_64                                                                                                                                                                                                 1/9 
  验证中      : glibc-2.17-326.el7_9.x86_64                                                                                                                                                                                                        2/9 
  验证中      : glibc-devel-2.17-326.el7_9.x86_64                                                                                                                                                                                                  3/9 
  验证中      : cpp-4.8.5-44.el7.x86_64                                                                                                                                                                                                            4/9 
  验证中      : glibc-headers-2.17-326.el7_9.x86_64                                                                                                                                                                                                5/9 
  验证中      : gcc-4.8.5-44.el7.x86_64                                                                                                                                                                                                            6/9 
  验证中      : kernel-headers-3.10.0-1160.90.1.el7.x86_64                                                                                                                                                                                         7/9 
  验证中      : glibc-2.17-317.el7.x86_64                                                                                                                                                                                                          8/9 
  验证中      : glibc-common-2.17-317.el7.x86_64                                                                                                                                                                                                   9/9 

已安装:
  gcc.x86_64 0:4.8.5-44.el7                                                                                                                                                                                                                            

作为依赖被安装:
  cpp.x86_64 0:4.8.5-44.el7                          glibc-devel.x86_64 0:2.17-326.el7_9                          glibc-headers.x86_64 0:2.17-326.el7_9                          kernel-headers.x86_64 0:3.10.0-1160.90.1.el7                         

作为依赖被升级:
  glibc.x86_64 0:2.17-326.el7_9                                                                                          glibc-common.x86_64 0:2.17-326.el7_9                                                                                         

完毕！
[atguigu@hadoop104 ~]$ sudo yum install gcc-c++
已加载插件：fastestmirror, langpacks
Loading mirror speeds from cached hostfile
 * base: mirrors.aliyun.com
 * epel: ftp.riken.jp
 * extras: mirrors.aliyun.com
 * updates: mirrors.aliyun.com
正在解决依赖关系
--> 正在检查事务
---> 软件包 gcc-c++.x86_64.0.4.8.5-44.el7 将被 安装
--> 正在处理依赖关系 libstdc++-devel = 4.8.5-44.el7，它被软件包 gcc-c++-4.8.5-44.el7.x86_64 需要
--> 正在检查事务
---> 软件包 libstdc++-devel.x86_64.0.4.8.5-44.el7 将被 安装
--> 解决依赖关系完成

依赖关系解决

=======================================================================================================================================================================================================================================================
 Package                                                          架构                                                    版本                                                             源                                                     大小
=======================================================================================================================================================================================================================================================
正在安装:
 gcc-c++                                                          x86_64                                                  4.8.5-44.el7                                                     base                                                  7.2 M
为依赖而安装:
 libstdc++-devel                                                  x86_64                                                  4.8.5-44.el7                                                     base                                                  1.5 M

事务概要
=======================================================================================================================================================================================================================================================
安装  1 软件包 (+1 依赖软件包)

总下载量：8.7 M
安装大小：25 M
Is this ok [y/d/N]: y
Downloading packages:
(1/2): libstdc++-devel-4.8.5-44.el7.x86_64.rpm                                                                                                                                                                                  | 1.5 MB  00:00:01     
(2/2): gcc-c++-4.8.5-44.el7.x86_64.rpm                                                                                                                                                                                          | 7.2 MB  00:00:06     
-------------------------------------------------------------------------------------------------------------------------------------------------------------------------------------------------------------------------------------------------------
总计                                                                                                                                                                                                                   1.4 MB/s | 8.7 MB  00:00:06     
Running transaction check
Running transaction test
Transaction test succeeded
Running transaction
  正在安装    : libstdc++-devel-4.8.5-44.el7.x86_64                                                                                                                                                                                                1/2 
  正在安装    : gcc-c++-4.8.5-44.el7.x86_64                                                                                                                                                                                                        2/2 
  验证中      : gcc-c++-4.8.5-44.el7.x86_64                                                                                                                                                                                                        1/2 
  验证中      : libstdc++-devel-4.8.5-44.el7.x86_64                                                                                                                                                                                                2/2 

已安装:
  gcc-c++.x86_64 0:4.8.5-44.el7                                                                                                                                                                                                                        

作为依赖被安装:
  libstdc++-devel.x86_64 0:4.8.5-44.el7                                                                                                                                                                                                                

完毕！
[atguigu@hadoop104 ~]$ y
bash: y: 未找到命令...
[atguigu@hadoop104 ~]$ sudo yum install gdb
已加载插件：fastestmirror, langpacks
Loading mirror speeds from cached hostfile
 * base: mirrors.aliyun.com
 * epel: mirrors.tuna.tsinghua.edu.cn
 * extras: mirrors.aliyun.com
 * updates: mirrors.aliyun.com
软件包 gdb-7.6.1-120.el7.x86_64 已安装并且是最新版本
无须任何处理
[atguigu@hadoop104 ~]$ 
